To honour the JVM settings for this build a single-use Daemon process will be forked. For more on this, please refer to https://docs.gradle.org/8.13/userguide/gradle_daemon.html#sec:disabling_the_daemon in the Gradle documentation.
Daemon will be stopped at the end of the build 
> Task :app:checkKotlinGradlePluginConfigurationErrors SKIPPED
> Task :app:preBuild UP-TO-DATE
> Task :app:preDebugBuild UP-TO-DATE
> Task :app:generateDebugBuildConfig UP-TO-DATE
> Task :app:checkDebugAarMetadata UP-TO-DATE
> Task :app:processDebugNavigationResources UP-TO-DATE
> Task :app:compileDebugNavigationResources UP-TO-DATE
> Task :app:generateDebugResValues UP-TO-DATE
> Task :app:processDebugGoogleServices UP-TO-DATE
> Task :app:mapDebugSourceSetPaths UP-TO-DATE
> Task :app:generateDebugResources UP-TO-DATE
> Task :app:mergeDebugResources UP-TO-DATE
> Task :app:packageDebugResources UP-TO-DATE
> Task :app:parseDebugLocalResources UP-TO-DATE
> Task :app:createDebugCompatibleScreenManifests UP-TO-DATE
> Task :app:extractDeepLinksDebug UP-TO-DATE
> Task :app:processDebugMainManifest UP-TO-DATE
> Task :app:processDebugManifest UP-TO-DATE
> Task :app:processDebugManifestForPackage UP-TO-DATE
> Task :app:processDebugResources UP-TO-DATE
> Task :app:kspDebugKotlin UP-TO-DATE

> Task :app:compileDebugKotlin
./gradlew : e: file:///C:/U
sers/agung/Documents/PDP_BC
A_Finance/Bootcamp_Binar/Pr
ojectAkhir/loanova_android/
app/src/main/java/com/examp
le/loanova_android/data/rep
ository/BranchRepository.kt
:27:69 Too many arguments 
for 'constructor<T>(data: 
T): Resource.Success<T>'.
At line:1 char:1
+ ./gradlew 
compileDebugKotlin 2>&1 | 
Out-File -FilePath 
build_output.t ...
+ ~~~~~~~~~~~~~~~~~~~~~~~~~
~~~~~~~~
    + CategoryInfo         
     : NotSpecified: (e:   
  file:///C:/U...ce.Succ   
 ess<T>'.:String) [], R    
emoteException
    + FullyQualifiedErrorI 
   d : NativeCommandError
 
e: file:///C:/Users/agung/D
ocuments/PDP_BCA_Finance/Bo
otcamp_Binar/ProjectAkhir/l
oanova_android/app/src/main
/java/com/example/loanova_a
ndroid/data/repository/Loan
ApplicationRepository.kt:71
:56 Too many arguments for 
'constructor<T>(data: T): 
Resource.Success<T>'.
e: file:///C:/Users/agung/D
ocuments/PDP_BCA_Finance/Bo
otcamp_Binar/ProjectAkhir/l
oanova_android/app/src/main
/java/com/example/loanova_a
ndroid/data/repository/Loan
ApplicationRepository.kt:10
1:69 Too many arguments 
for 'constructor<T>(data: 
T): Resource.Success<T>'.
e: file:///C:/Users/agung/D
ocuments/PDP_BCA_Finance/Bo
otcamp_Binar/ProjectAkhir/l
oanova_android/app/src/main
/java/com/example/loanova_a
ndroid/data/repository/Loan
ApplicationRepository.kt:13
0:56 Too many arguments 
for 'constructor<T>(data: 
T): Resource.Success<T>'.
e: file:///C:/Users/agung/D
ocuments/PDP_BCA_Finance/Bo
otcamp_Binar/ProjectAkhir/l
oanova_android/app/src/main
/java/com/example/loanova_a
ndroid/ui/features/loan/Loa
nApplicationViewModel.kt:10
7:13 Unresolved reference 
'getPublicPlafondsUseCase'.
e: file:///C:/Users/agung/D
ocuments/PDP_BCA_Finance/Bo
otcamp_Binar/ProjectAkhir/l
oanova_android/app/src/main
/java/com/example/loanova_a
ndroid/ui/features/loan/Loa
nApplicationViewModel.kt:10
7:50 Cannot infer type for 
this parameter. Please 
specify it explicitly.
e: file:///C:/Users/agung/D
ocuments/PDP_BCA_Finance/Bo
otcamp_Binar/ProjectAkhir/l
oanova_android/app/src/main
/java/com/example/loanova_a
ndroid/ui/features/loan/Loa
nApplicationViewModel.kt:10
9:24 One type argument 
expected. Use class 
'Loading' if you don't 
intend to pass type 
arguments.
e: file:///C:/Users/agung/D
ocuments/PDP_BCA_Finance/Bo
otcamp_Binar/ProjectAkhir/l
oanova_android/app/src/main
/java/com/example/loanova_a
ndroid/ui/features/loan/Loa
nApplicationViewModel.kt:11
2:24 One type argument 
expected. Use class 
'Success' if you don't 
intend to pass type 
arguments.
e: file:///C:/Users/agung/D
ocuments/PDP_BCA_Finance/Bo
otcamp_Binar/ProjectAkhir/l
oanova_android/app/src/main
/java/com/example/loanova_a
ndroid/ui/features/loan/Loa
nApplicationViewModel.kt:11
5:47 Unresolved reference 
'data'.
e: file:///C:/Users/agung/D
ocuments/PDP_BCA_Finance/Bo
otcamp_Binar/ProjectAkhir/l
oanova_android/app/src/main
/java/com/example/loanova_a
ndroid/ui/features/loan/Loa
nApplicationViewModel.kt:11
8:24 One type argument 
expected. Use class 
'Error' if you don't 
intend to pass type 
arguments.
e: file:///C:/Users/agung/D
ocuments/PDP_BCA_Finance/Bo
otcamp_Binar/ProjectAkhir/l
oanova_android/app/src/main
/java/com/example/loanova_a
ndroid/ui/features/loan/Loa
nApplicationViewModel.kt:12
1:51 Unresolved reference 
'message'.
e: file:///C:/Users/agung/D
ocuments/PDP_BCA_Finance/Bo
otcamp_Binar/ProjectAkhir/l
oanova_android/app/src/main
/java/com/example/loanova_a
ndroid/ui/features/loan/Loa
nApplicationViewModel.kt:13
8:37 Unresolved reference 
'minAmount'.
e: file:///C:/Users/agung/D
ocuments/PDP_BCA_Finance/Bo
otcamp_Binar/ProjectAkhir/l
oanova_android/app/src/main
/java/com/example/loanova_a
ndroid/ui/features/loan/Loa
nApplicationViewModel.kt:14
0:36 Unresolved reference 
'minTenor'.
e: file:///C:/Users/agung/D
ocuments/PDP_BCA_Finance/Bo
otcamp_Binar/ProjectAkhir/l
oanova_android/app/src/main
/java/com/example/loanova_a
ndroid/ui/features/loan/Loa
nApplicationViewModel.kt:14
1:36 Unresolved reference 
'maxTenor'.
e: file:///C:/Users/agung/D
ocuments/PDP_BCA_Finance/Bo
otcamp_Binar/ProjectAkhir/l
oanova_android/app/src/main
/java/com/example/loanova_a
ndroid/ui/features/loan/Loa
nApplicationViewModel.kt:14
3:34 Unresolved reference 
'minAmount'.
e: file:///C:/Users/agung/D
ocuments/PDP_BCA_Finance/Bo
otcamp_Binar/ProjectAkhir/l
oanova_android/app/src/main
/java/com/example/loanova_a
ndroid/ui/features/loan/Loa
nApplicationViewModel.kt:14
4:33 Unresolved reference 
'minTenor'.

> Task :app:compileDebugKotlin FAILED

FAILURE: Build failed with 
an exception.

* What went wrong:
Execution failed for task 
':app:compileDebugKotlin'.
> A failure occurred while 
executing org.jetbrains.kot
lin.compilerRunner.GradleCo
mpilerRunnerWithWorkers$Gra
dleKotlinCompilerWorkAction
   > Compilation error. 
See log for more details

* Try:
> Run with --stacktrace 
option to get the stack 
trace.
> Run with --info or 
--debug option to get more 
log output.
> Run with --scan to get 
full insights.
> Get more help at 
https://help.gradle.org.

BUILD FAILED in 1m
19 actionable tasks: 1 executed, 18 up-to-date
